<?xml version="1.0" encoding="ISO-8859-1" ?>
<link_info>
   <banner>TI ARM Linker PC v20.2.7.LTS</banner>
   <copyright>Copyright (c) 1996-2018 Texas Instruments Incorporated</copyright>
   <link_time>0x694a0b7a</link_time>
   <link_errors>0x0</link_errors>
   <output_file>my3.out</output_file>
   <entry_point>
      <name>_c_int00_noargs</name>
      <address>0x2b1d</address>
   </entry_point>
   <input_file_list>
      <input_file id="fl-2">
         <path>.\</path>
         <kind>object</kind>
         <file>adc.obj</file>
         <name>adc.obj</name>
      </input_file>
      <input_file id="fl-3">
         <path>.\</path>
         <kind>object</kind>
         <file>lcd.obj</file>
         <name>lcd.obj</name>
      </input_file>
      <input_file id="fl-4">
         <path>.\</path>
         <kind>object</kind>
         <file>main.obj</file>
         <name>main.obj</name>
      </input_file>
      <input_file id="fl-5">
         <path>.\</path>
         <kind>object</kind>
         <file>timer.obj</file>
         <name>timer.obj</name>
      </input_file>
      <input_file id="fl-6">
         <path>.\</path>
         <kind>object</kind>
         <file>tm4c123gh6pm_startup_ccs.obj</file>
         <name>tm4c123gh6pm_startup_ccs.obj</name>
      </input_file>
      <input_file id="fl-b">
         <kind>object</kind>
         <file>&lt;internal&gt;</file>
         <name>&lt;internal&gt;</name>
      </input_file>
      <input_file id="fl-c1">
         <path>C:\ti\ccs1281\ccs\tools\compiler\ti-cgt-arm_20.2.7.LTS\lib\</path>
         <kind>archive</kind>
         <file>rtsv7M4_T_le_v4SPD16_eabi.lib</file>
         <name>sprintf.c.obj</name>
      </input_file>
      <input_file id="fl-c2">
         <path>C:\ti\ccs1281\ccs\tools\compiler\ti-cgt-arm_20.2.7.LTS\lib\</path>
         <kind>archive</kind>
         <file>rtsv7M4_T_le_v4SPD16_eabi.lib</file>
         <name>memcpy_t2.asm.obj</name>
      </input_file>
      <input_file id="fl-c3">
         <path>C:\ti\ccs1281\ccs\tools\compiler\ti-cgt-arm_20.2.7.LTS\lib\</path>
         <kind>archive</kind>
         <file>rtsv7M4_T_le_v4SPD16_eabi.lib</file>
         <name>copy_zero_init.c.obj</name>
      </input_file>
      <input_file id="fl-c4">
         <path>C:\ti\ccs1281\ccs\tools\compiler\ti-cgt-arm_20.2.7.LTS\lib\</path>
         <kind>archive</kind>
         <file>rtsv7M4_T_le_v4SPD16_eabi.lib</file>
         <name>copy_decompress_none.c.obj</name>
      </input_file>
      <input_file id="fl-c5">
         <path>C:\ti\ccs1281\ccs\tools\compiler\ti-cgt-arm_20.2.7.LTS\lib\</path>
         <kind>archive</kind>
         <file>rtsv7M4_T_le_v4SPD16_eabi.lib</file>
         <name>copy_decompress_lzss.c.obj</name>
      </input_file>
      <input_file id="fl-c6">
         <path>C:\ti\ccs1281\ccs\tools\compiler\ti-cgt-arm_20.2.7.LTS\lib\</path>
         <kind>archive</kind>
         <file>rtsv7M4_T_le_v4SPD16_eabi.lib</file>
         <name>boot_cortex_m.c.obj</name>
      </input_file>
      <input_file id="fl-c7">
         <path>C:\ti\ccs1281\ccs\tools\compiler\ti-cgt-arm_20.2.7.LTS\lib\</path>
         <kind>archive</kind>
         <file>rtsv7M4_T_le_v4SPD16_eabi.lib</file>
         <name>_printfi.c.obj</name>
      </input_file>
      <input_file id="fl-c8">
         <path>C:\ti\ccs1281\ccs\tools\compiler\ti-cgt-arm_20.2.7.LTS\lib\</path>
         <kind>archive</kind>
         <file>rtsv7M4_T_le_v4SPD16_eabi.lib</file>
         <name>fd_add_t2.asm.obj</name>
      </input_file>
      <input_file id="fl-c9">
         <path>C:\ti\ccs1281\ccs\tools\compiler\ti-cgt-arm_20.2.7.LTS\lib\</path>
         <kind>archive</kind>
         <file>rtsv7M4_T_le_v4SPD16_eabi.lib</file>
         <name>fd_cmp_t2.asm.obj</name>
      </input_file>
      <input_file id="fl-ca">
         <path>C:\ti\ccs1281\ccs\tools\compiler\ti-cgt-arm_20.2.7.LTS\lib\</path>
         <kind>archive</kind>
         <file>rtsv7M4_T_le_v4SPD16_eabi.lib</file>
         <name>fd_div_t2.asm.obj</name>
      </input_file>
      <input_file id="fl-cb">
         <path>C:\ti\ccs1281\ccs\tools\compiler\ti-cgt-arm_20.2.7.LTS\lib\</path>
         <kind>archive</kind>
         <file>rtsv7M4_T_le_v4SPD16_eabi.lib</file>
         <name>fd_mul_t2.asm.obj</name>
      </input_file>
      <input_file id="fl-cc">
         <path>C:\ti\ccs1281\ccs\tools\compiler\ti-cgt-arm_20.2.7.LTS\lib\</path>
         <kind>archive</kind>
         <file>rtsv7M4_T_le_v4SPD16_eabi.lib</file>
         <name>fd_toi_t2.asm.obj</name>
      </input_file>
      <input_file id="fl-cd">
         <path>C:\ti\ccs1281\ccs\tools\compiler\ti-cgt-arm_20.2.7.LTS\lib\</path>
         <kind>archive</kind>
         <file>rtsv7M4_T_le_v4SPD16_eabi.lib</file>
         <name>i_tofd_t2.asm.obj</name>
      </input_file>
      <input_file id="fl-ce">
         <path>C:\ti\ccs1281\ccs\tools\compiler\ti-cgt-arm_20.2.7.LTS\lib\</path>
         <kind>archive</kind>
         <file>rtsv7M4_T_le_v4SPD16_eabi.lib</file>
         <name>memset_t2.asm.obj</name>
      </input_file>
      <input_file id="fl-cf">
         <path>C:\ti\ccs1281\ccs\tools\compiler\ti-cgt-arm_20.2.7.LTS\lib\</path>
         <kind>archive</kind>
         <file>rtsv7M4_T_le_v4SPD16_eabi.lib</file>
         <name>ull_div_t2.asm.obj</name>
      </input_file>
      <input_file id="fl-d0">
         <path>C:\ti\ccs1281\ccs\tools\compiler\ti-cgt-arm_20.2.7.LTS\lib\</path>
         <kind>archive</kind>
         <file>rtsv7M4_T_le_v4SPD16_eabi.lib</file>
         <name>autoinit.c.obj</name>
      </input_file>
      <input_file id="fl-d1">
         <path>C:\ti\ccs1281\ccs\tools\compiler\ti-cgt-arm_20.2.7.LTS\lib\</path>
         <kind>archive</kind>
         <file>rtsv7M4_T_le_v4SPD16_eabi.lib</file>
         <name>pre_init.c.obj</name>
      </input_file>
      <input_file id="fl-d2">
         <path>C:\ti\ccs1281\ccs\tools\compiler\ti-cgt-arm_20.2.7.LTS\lib\</path>
         <kind>archive</kind>
         <file>rtsv7M4_T_le_v4SPD16_eabi.lib</file>
         <name>cpy_tbl.c.obj</name>
      </input_file>
      <input_file id="fl-d3">
         <path>C:\ti\ccs1281\ccs\tools\compiler\ti-cgt-arm_20.2.7.LTS\lib\</path>
         <kind>archive</kind>
         <file>rtsv7M4_T_le_v4SPD16_eabi.lib</file>
         <name>exit.c.obj</name>
      </input_file>
      <input_file id="fl-d4">
         <path>C:\ti\ccs1281\ccs\tools\compiler\ti-cgt-arm_20.2.7.LTS\lib\</path>
         <kind>archive</kind>
         <file>rtsv7M4_T_le_v4SPD16_eabi.lib</file>
         <name>_lock.c.obj</name>
      </input_file>
      <input_file id="fl-d5">
         <path>C:\ti\ccs1281\ccs\tools\compiler\ti-cgt-arm_20.2.7.LTS\lib\</path>
         <kind>archive</kind>
         <file>rtsv7M4_T_le_v4SPD16_eabi.lib</file>
         <name>_ltoa.c.obj</name>
      </input_file>
      <input_file id="fl-d6">
         <path>C:\ti\ccs1281\ccs\tools\compiler\ti-cgt-arm_20.2.7.LTS\lib\</path>
         <kind>archive</kind>
         <file>rtsv7M4_T_le_v4SPD16_eabi.lib</file>
         <name>args_main.c.obj</name>
      </input_file>
      <input_file id="fl-d7">
         <path>C:\ti\ccs1281\ccs\tools\compiler\ti-cgt-arm_20.2.7.LTS\lib\</path>
         <kind>archive</kind>
         <file>rtsv7M4_T_le_v4SPD16_eabi.lib</file>
         <name>atoi.c.obj</name>
      </input_file>
      <input_file id="fl-d8">
         <path>C:\ti\ccs1281\ccs\tools\compiler\ti-cgt-arm_20.2.7.LTS\lib\</path>
         <kind>archive</kind>
         <file>rtsv7M4_T_le_v4SPD16_eabi.lib</file>
         <name>ctype.c.obj</name>
      </input_file>
      <input_file id="fl-d9">
         <path>C:\ti\ccs1281\ccs\tools\compiler\ti-cgt-arm_20.2.7.LTS\lib\</path>
         <kind>archive</kind>
         <file>rtsv7M4_T_le_v4SPD16_eabi.lib</file>
         <name>memccpy.c.obj</name>
      </input_file>
      <input_file id="fl-da">
         <path>C:\ti\ccs1281\ccs\tools\compiler\ti-cgt-arm_20.2.7.LTS\lib\</path>
         <kind>archive</kind>
         <file>rtsv7M4_T_le_v4SPD16_eabi.lib</file>
         <name>strchr.c.obj</name>
      </input_file>
      <input_file id="fl-db">
         <path>C:\ti\ccs1281\ccs\tools\compiler\ti-cgt-arm_20.2.7.LTS\lib\</path>
         <kind>archive</kind>
         <file>rtsv7M4_T_le_v4SPD16_eabi.lib</file>
         <name>strlen.c.obj</name>
      </input_file>
      <input_file id="fl-dc">
         <path>C:\ti\ccs1281\ccs\tools\compiler\ti-cgt-arm_20.2.7.LTS\lib\</path>
         <kind>archive</kind>
         <file>rtsv7M4_T_le_v4SPD16_eabi.lib</file>
         <name>errno.c.obj</name>
      </input_file>
      <input_file id="fl-dd">
         <path>C:\ti\ccs1281\ccs\tools\compiler\ti-cgt-arm_20.2.7.LTS\lib\</path>
         <kind>archive</kind>
         <file>rtsv7M4_T_le_v4SPD16_eabi.lib</file>
         <name>wcslen.c.obj</name>
      </input_file>
      <input_file id="fl-de">
         <path>C:\ti\ccs1281\ccs\tools\compiler\ti-cgt-arm_20.2.7.LTS\lib\</path>
         <kind>archive</kind>
         <file>rtsv7M4_T_le_v4SPD16_eabi.lib</file>
         <name>s_frexp.c.obj</name>
      </input_file>
      <input_file id="fl-df">
         <path>C:\ti\ccs1281\ccs\tools\compiler\ti-cgt-arm_20.2.7.LTS\lib\</path>
         <kind>archive</kind>
         <file>rtsv7M4_T_le_v4SPD16_eabi.lib</file>
         <name>s_scalbn.c.obj</name>
      </input_file>
      <input_file id="fl-e0">
         <path>C:\ti\ccs1281\ccs\tools\compiler\ti-cgt-arm_20.2.7.LTS\lib\</path>
         <kind>archive</kind>
         <file>rtsv7M4_T_le_v4SPD16_eabi.lib</file>
         <name>div0.asm.obj</name>
      </input_file>
      <input_file id="fl-e1">
         <path>C:\ti\ccs1281\ccs\tools\compiler\ti-cgt-arm_20.2.7.LTS\lib\</path>
         <kind>archive</kind>
         <file>rtsv7M4_T_le_v4SPD16_eabi.lib</file>
         <name>s_copysign.c.obj</name>
      </input_file>
      <input_file id="fl-e2">
         <path>C:\ti\TivaWare_C_Series-2.2.0.295\driverlib\ccs\Debug\</path>
         <kind>archive</kind>
         <file>driverlib.lib</file>
         <name>adc.obj</name>
      </input_file>
      <input_file id="fl-e3">
         <path>C:\ti\TivaWare_C_Series-2.2.0.295\driverlib\ccs\Debug\</path>
         <kind>archive</kind>
         <file>driverlib.lib</file>
         <name>gpio.obj</name>
      </input_file>
      <input_file id="fl-e4">
         <path>C:\ti\TivaWare_C_Series-2.2.0.295\driverlib\ccs\Debug\</path>
         <kind>archive</kind>
         <file>driverlib.lib</file>
         <name>interrupt.obj</name>
      </input_file>
      <input_file id="fl-e5">
         <path>C:\ti\TivaWare_C_Series-2.2.0.295\driverlib\ccs\Debug\</path>
         <kind>archive</kind>
         <file>driverlib.lib</file>
         <name>sysctl.obj</name>
      </input_file>
      <input_file id="fl-e6">
         <path>C:\ti\TivaWare_C_Series-2.2.0.295\driverlib\ccs\Debug\</path>
         <kind>archive</kind>
         <file>driverlib.lib</file>
         <name>timer.obj</name>
      </input_file>
      <input_file id="fl-e7">
         <path>C:\ti\TivaWare_C_Series-2.2.0.295\driverlib\ccs\Debug\</path>
         <kind>archive</kind>
         <file>driverlib.lib</file>
         <name>cpu.obj</name>
      </input_file>
   </input_file_list>
   <object_component_list>
      <object_component id="oc-12">
         <name>.intvecs</name>
         <load_address>0x0</load_address>
         <run_address>0x0</run_address>
         <size>0x26c</size>
         <input_file_ref idref="fl-6"/>
      </object_component>
      <object_component id="oc-235">
         <name>.text:__TI_printfi</name>
         <load_address>0x26c</load_address>
         <run_address>0x26c</run_address>
         <size>0xa4e</size>
         <input_file_ref idref="fl-c7"/>
      </object_component>
      <object_component id="oc-383">
         <name>.text</name>
         <load_address>0xcba</load_address>
         <run_address>0xcba</run_address>
         <size>0x2</size>
         <input_file_ref idref="fl-e0"/>
      </object_component>
      <object_component id="oc-2bc">
         <name>.text:_pconv_a</name>
         <load_address>0xcbc</load_address>
         <run_address>0xcbc</run_address>
         <size>0x270</size>
         <input_file_ref idref="fl-c7"/>
      </object_component>
      <object_component id="oc-ec">
         <name>.text</name>
         <load_address>0xf2c</load_address>
         <run_address>0xf2c</run_address>
         <size>0x264</size>
         <input_file_ref idref="fl-3"/>
      </object_component>
      <object_component id="oc-2aa">
         <name>.text:_pconv_g</name>
         <load_address>0x1190</load_address>
         <run_address>0x1190</run_address>
         <size>0x1d0</size>
         <input_file_ref idref="fl-c7"/>
      </object_component>
      <object_component id="oc-32a">
         <name>.text</name>
         <load_address>0x1360</load_address>
         <run_address>0x1360</run_address>
         <size>0x1b6</size>
         <input_file_ref idref="fl-c8"/>
      </object_component>
      <object_component id="oc-f8">
         <name>.text</name>
         <load_address>0x1518</load_address>
         <run_address>0x1518</run_address>
         <size>0x17c</size>
         <input_file_ref idref="fl-2"/>
      </object_component>
      <object_component id="oc-e6">
         <name>.text:GPIOPadConfigSet</name>
         <load_address>0x1694</load_address>
         <run_address>0x1694</run_address>
         <size>0x16c</size>
         <input_file_ref idref="fl-e3"/>
      </object_component>
      <object_component id="oc-f2">
         <name>.text</name>
         <load_address>0x1800</load_address>
         <run_address>0x1800</run_address>
         <size>0x150</size>
         <input_file_ref idref="fl-5"/>
      </object_component>
      <object_component id="oc-2b6">
         <name>.text:_pconv_e</name>
         <load_address>0x1950</load_address>
         <run_address>0x1950</run_address>
         <size>0x13c</size>
         <input_file_ref idref="fl-c7"/>
      </object_component>
      <object_component id="oc-310">
         <name>.text</name>
         <load_address>0x1a8c</load_address>
         <run_address>0x1a8c</run_address>
         <size>0x136</size>
         <input_file_ref idref="fl-ca"/>
      </object_component>
      <object_component id="oc-33c">
         <name>.text:fcvt</name>
         <load_address>0x1bc4</load_address>
         <run_address>0x1bc4</run_address>
         <size>0x124</size>
         <input_file_ref idref="fl-c7"/>
      </object_component>
      <object_component id="oc-fe">
         <name>.text:SysCtlClockGet</name>
         <load_address>0x1ce8</load_address>
         <run_address>0x1ce8</run_address>
         <size>0x118</size>
         <input_file_ref idref="fl-e5"/>
      </object_component>
      <object_component id="oc-350">
         <name>.text:scalbn</name>
         <load_address>0x1e00</load_address>
         <run_address>0x1e00</run_address>
         <size>0x110</size>
         <input_file_ref idref="fl-df"/>
      </object_component>
      <object_component id="oc-30b">
         <name>.text</name>
         <load_address>0x1f10</load_address>
         <run_address>0x1f10</run_address>
         <size>0xfc</size>
         <input_file_ref idref="fl-cb"/>
      </object_component>
      <object_component id="oc-c8">
         <name>.text:SysCtlClockSet</name>
         <load_address>0x200c</load_address>
         <run_address>0x200c</run_address>
         <size>0xf4</size>
         <input_file_ref idref="fl-e5"/>
      </object_component>
      <object_component id="oc-29f">
         <name>.text:_ltostr</name>
         <load_address>0x2100</load_address>
         <run_address>0x2100</run_address>
         <size>0xb1</size>
         <input_file_ref idref="fl-c7"/>
      </object_component>
      <object_component id="oc-9b">
         <name>.text</name>
         <load_address>0x21b4</load_address>
         <run_address>0x21b4</run_address>
         <size>0xa4</size>
         <input_file_ref idref="fl-4"/>
      </object_component>
      <object_component id="oc-3b">
         <name>.text</name>
         <load_address>0x2258</load_address>
         <run_address>0x2258</run_address>
         <size>0x9c</size>
         <input_file_ref idref="fl-c2"/>
      </object_component>
      <object_component id="oc-304">
         <name>.text</name>
         <load_address>0x22f4</load_address>
         <run_address>0x22f4</run_address>
         <size>0x96</size>
         <input_file_ref idref="fl-cf"/>
      </object_component>
      <object_component id="oc-2a5">
         <name>.text:__aeabi_cdcmple</name>
         <load_address>0x238a</load_address>
         <run_address>0x238a</run_address>
         <size>0x86</size>
         <input_file_ref idref="fl-c9"/>
      </object_component>
      <object_component id="oc-315">
         <name>.text:__aeabi_cdrcmple</name>
         <load_address>0x2410</load_address>
         <run_address>0x2410</run_address>
         <size>0x86</size>
         <input_file_ref idref="fl-c9"/>
      </object_component>
      <object_component id="oc-1ad">
         <name>.text:ADCSequenceStepConfigure</name>
         <load_address>0x2496</load_address>
         <run_address>0x2496</run_address>
         <size>0x7a</size>
         <input_file_ref idref="fl-e2"/>
      </object_component>
      <object_component id="oc-8f">
         <name>.text</name>
         <load_address>0x2510</load_address>
         <run_address>0x2510</run_address>
         <size>0x7a</size>
         <input_file_ref idref="fl-ce"/>
      </object_component>
      <object_component id="oc-335">
         <name>.text:_mcpy</name>
         <load_address>0x258a</load_address>
         <run_address>0x258a</run_address>
         <size>0x6e</size>
         <input_file_ref idref="fl-c7"/>
      </object_component>
      <object_component id="oc-182">
         <name>.text:IntEnable</name>
         <load_address>0x25f8</load_address>
         <run_address>0x25f8</run_address>
         <size>0x68</size>
         <input_file_ref idref="fl-e4"/>
      </object_component>
      <object_component id="oc-15">
         <name>.text:decompress:lzss:__TI_decompress_lzss</name>
         <load_address>0x2660</load_address>
         <run_address>0x2660</run_address>
         <size>0x68</size>
         <input_file_ref idref="fl-c5"/>
      </object_component>
      <object_component id="oc-34a">
         <name>.text:frexp</name>
         <load_address>0x26c8</load_address>
         <run_address>0x26c8</run_address>
         <size>0x64</size>
         <input_file_ref idref="fl-de"/>
      </object_component>
      <object_component id="oc-16a">
         <name>.text:TimerConfigure</name>
         <load_address>0x272c</load_address>
         <run_address>0x272c</run_address>
         <size>0x60</size>
         <input_file_ref idref="fl-e6"/>
      </object_component>
      <object_component id="oc-2b0">
         <name>.text:_pconv_f</name>
         <load_address>0x278c</load_address>
         <run_address>0x278c</run_address>
         <size>0x56</size>
         <input_file_ref idref="fl-c7"/>
      </object_component>
      <object_component id="oc-31f">
         <name>.text:__TI_ltoa</name>
         <load_address>0x27e2</load_address>
         <run_address>0x27e2</run_address>
         <size>0x54</size>
         <input_file_ref idref="fl-d5"/>
      </object_component>
      <object_component id="oc-32f">
         <name>.text:_ecpy</name>
         <load_address>0x2836</load_address>
         <run_address>0x2836</run_address>
         <size>0x52</size>
         <input_file_ref idref="fl-c7"/>
      </object_component>
      <object_component id="oc-1a7">
         <name>.text:ADCSequenceConfigure</name>
         <load_address>0x2888</load_address>
         <run_address>0x2888</run_address>
         <size>0x4e</size>
         <input_file_ref idref="fl-e2"/>
      </object_component>
      <object_component id="oc-21a">
         <name>.text:_TimerIntNumberGet</name>
         <load_address>0x28d8</load_address>
         <run_address>0x28d8</run_address>
         <size>0x4c</size>
         <input_file_ref idref="fl-e6"/>
      </object_component>
      <object_component id="oc-299">
         <name>.text:atoi</name>
         <load_address>0x2924</load_address>
         <run_address>0x2924</run_address>
         <size>0x4c</size>
         <input_file_ref idref="fl-d7"/>
      </object_component>
      <object_component id="oc-31a">
         <name>.text</name>
         <load_address>0x2970</load_address>
         <run_address>0x2970</run_address>
         <size>0x48</size>
         <input_file_ref idref="fl-cc"/>
      </object_component>
      <object_component id="oc-112">
         <name>.text:__TI_auto_init_nobinit_nopinit:__TI_auto_init_nobinit_nopinit</name>
         <load_address>0x29b8</load_address>
         <run_address>0x29b8</run_address>
         <size>0x44</size>
         <input_file_ref idref="fl-d0"/>
      </object_component>
      <object_component id="oc-194">
         <name>.text:sprintf</name>
         <load_address>0x29fc</load_address>
         <run_address>0x29fc</run_address>
         <size>0x40</size>
         <input_file_ref idref="fl-c1"/>
      </object_component>
      <object_component id="oc-342">
         <name>.text:_fcpy</name>
         <load_address>0x2a3c</load_address>
         <run_address>0x2a3c</run_address>
         <size>0x3e</size>
         <input_file_ref idref="fl-c7"/>
      </object_component>
      <object_component id="oc-d4">
         <name>.text:SysCtlPeripheralReady</name>
         <load_address>0x2a7c</load_address>
         <run_address>0x2a7c</run_address>
         <size>0x38</size>
         <input_file_ref idref="fl-e5"/>
      </object_component>
      <object_component id="oc-220">
         <name>.text:IntRegister</name>
         <load_address>0x2ab4</load_address>
         <run_address>0x2ab4</run_address>
         <size>0x34</size>
         <input_file_ref idref="fl-e4"/>
      </object_component>
      <object_component id="oc-ce">
         <name>.text:SysCtlPeripheralEnable</name>
         <load_address>0x2ae8</load_address>
         <run_address>0x2ae8</run_address>
         <size>0x34</size>
         <input_file_ref idref="fl-e5"/>
      </object_component>
      <object_component id="oc-59">
         <name>.text:_c_int00_noargs:_c_int00_noargs</name>
         <load_address>0x2b1c</load_address>
         <run_address>0x2b1c</run_address>
         <size>0x34</size>
         <input_file_ref idref="fl-c6"/>
      </object_component>
      <object_component id="oc-1c5">
         <name>.text:ADCIntStatus</name>
         <load_address>0x2b50</load_address>
         <run_address>0x2b50</run_address>
         <size>0x2e</size>
         <input_file_ref idref="fl-e2"/>
      </object_component>
      <object_component id="oc-325">
         <name>.text</name>
         <load_address>0x2b7e</load_address>
         <run_address>0x2b7e</run_address>
         <size>0x2e</size>
         <input_file_ref idref="fl-cd"/>
      </object_component>
      <object_component id="oc-14f">
         <name>.text:GPIODirModeSet</name>
         <load_address>0x2bac</load_address>
         <run_address>0x2bac</run_address>
         <size>0x2c</size>
         <input_file_ref idref="fl-e3"/>
      </object_component>
      <object_component id="oc-1cb">
         <name>.text:ADCSequenceDataGet</name>
         <load_address>0x2bd8</load_address>
         <run_address>0x2bd8</run_address>
         <size>0x1e</size>
         <input_file_ref idref="fl-e2"/>
      </object_component>
      <object_component id="oc-47">
         <name>.text:decompress:ZI:__TI_zero_init_nomemset:__TI_zero_init_nomemset</name>
         <load_address>0x2bf6</load_address>
         <run_address>0x2bf6</run_address>
         <size>0x1c</size>
         <input_file_ref idref="fl-c3"/>
      </object_component>
      <object_component id="oc-2c2">
         <name>.text:memccpy</name>
         <load_address>0x2c12</load_address>
         <run_address>0x2c12</run_address>
         <size>0x1c</size>
         <input_file_ref idref="fl-d9"/>
      </object_component>
      <object_component id="oc-da">
         <name>.text:GPIOPinTypeGPIOOutput</name>
         <load_address>0x2c2e</load_address>
         <run_address>0x2c2e</run_address>
         <size>0x1a</size>
         <input_file_ref idref="fl-e3"/>
      </object_component>
      <object_component id="oc-39c">
         <name>.text:copysign</name>
         <load_address>0x2c48</load_address>
         <run_address>0x2c48</run_address>
         <size>0x1a</size>
         <input_file_ref idref="fl-e1"/>
      </object_component>
      <object_component id="oc-1bf">
         <name>.text:ADCProcessorTrigger</name>
         <load_address>0x2c62</load_address>
         <run_address>0x2c62</run_address>
         <size>0x18</size>
         <input_file_ref idref="fl-e2"/>
      </object_component>
      <object_component id="oc-176">
         <name>.text:TimerIntRegister</name>
         <load_address>0x2c7a</load_address>
         <run_address>0x2c7a</run_address>
         <size>0x18</size>
         <input_file_ref idref="fl-e6"/>
      </object_component>
      <object_component id="oc-23b">
         <name>.text:_outs</name>
         <load_address>0x2c92</load_address>
         <run_address>0x2c92</run_address>
         <size>0x18</size>
         <input_file_ref idref="fl-c1"/>
      </object_component>
      <object_component id="oc-1a1">
         <name>.text:GPIOPinTypeADC</name>
         <load_address>0x2caa</load_address>
         <run_address>0x2caa</run_address>
         <size>0x16</size>
         <input_file_ref idref="fl-e3"/>
      </object_component>
      <object_component id="oc-e0">
         <name>.text:GPIOPinTypeGPIOInput</name>
         <load_address>0x2cc0</load_address>
         <run_address>0x2cc0</run_address>
         <size>0x16</size>
         <input_file_ref idref="fl-e3"/>
      </object_component>
      <object_component id="oc-356">
         <name>.text:strchr</name>
         <load_address>0x2cd6</load_address>
         <run_address>0x2cd6</run_address>
         <size>0x16</size>
         <input_file_ref idref="fl-da"/>
      </object_component>
      <object_component id="oc-293">
         <name>.text:strlen</name>
         <load_address>0x2cec</load_address>
         <run_address>0x2cec</run_address>
         <size>0x14</size>
         <input_file_ref idref="fl-db"/>
      </object_component>
      <object_component id="oc-170">
         <name>.text:TimerLoadSet</name>
         <load_address>0x2d00</load_address>
         <run_address>0x2d00</run_address>
         <size>0x12</size>
         <input_file_ref idref="fl-e6"/>
      </object_component>
      <object_component id="oc-2c8">
         <name>.text:wcslen</name>
         <load_address>0x2d12</load_address>
         <run_address>0x2d12</run_address>
         <size>0x12</size>
         <input_file_ref idref="fl-dd"/>
      </object_component>
      <object_component id="oc-188">
         <name>.text:IntMasterEnable</name>
         <load_address>0x2d24</load_address>
         <run_address>0x2d24</run_address>
         <size>0x10</size>
         <input_file_ref idref="fl-e4"/>
      </object_component>
      <object_component id="oc-1b3">
         <name>.text:ADCSequenceEnable</name>
         <load_address>0x2d34</load_address>
         <run_address>0x2d34</run_address>
         <size>0xe</size>
         <input_file_ref idref="fl-e2"/>
      </object_component>
      <object_component id="oc-18e">
         <name>.text:TimerEnable</name>
         <load_address>0x2d42</load_address>
         <run_address>0x2d42</run_address>
         <size>0xe</size>
         <input_file_ref idref="fl-e6"/>
      </object_component>
      <object_component id="oc-1b">
         <name>.text:decompress:none:__TI_decompress_none</name>
         <load_address>0x2d50</load_address>
         <run_address>0x2d50</run_address>
         <size>0xe</size>
         <input_file_ref idref="fl-c4"/>
      </object_component>
      <object_component id="oc-22d">
         <name>.text:CPUcpsie</name>
         <load_address>0x2d5e</load_address>
         <run_address>0x2d5e</run_address>
         <size>0xc</size>
         <input_file_ref idref="fl-e7"/>
      </object_component>
      <object_component id="oc-27">
         <name>.text</name>
         <load_address>0x2d6a</load_address>
         <run_address>0x2d6a</run_address>
         <size>0xc</size>
         <input_file_ref idref="fl-6"/>
      </object_component>
      <object_component id="oc-1b9">
         <name>.text:ADCIntClear</name>
         <load_address>0x2d76</load_address>
         <run_address>0x2d76</run_address>
         <size>0xa</size>
         <input_file_ref idref="fl-e2"/>
      </object_component>
      <object_component id="oc-241">
         <name>.text:_outc</name>
         <load_address>0x2d80</load_address>
         <run_address>0x2d80</run_address>
         <size>0xa</size>
         <input_file_ref idref="fl-c1"/>
      </object_component>
      <object_component id="oc-17c">
         <name>.text:TimerIntEnable</name>
         <load_address>0x2d8a</load_address>
         <run_address>0x2d8a</run_address>
         <size>0x8</size>
         <input_file_ref idref="fl-e6"/>
      </object_component>
      <object_component id="oc-2ce">
         <name>.text:__aeabi_errno_addr</name>
         <load_address>0x2d94</load_address>
         <run_address>0x2d94</run_address>
         <size>0x8</size>
         <input_file_ref idref="fl-dc"/>
      </object_component>
      <object_component id="oc-159">
         <name>.text:GPIOPinWrite</name>
         <load_address>0x2d9c</load_address>
         <run_address>0x2d9c</run_address>
         <size>0x6</size>
         <input_file_ref idref="fl-e3"/>
      </object_component>
      <object_component id="oc-104">
         <name>.text:SysCtlDelay</name>
         <load_address>0x2da2</load_address>
         <run_address>0x2da2</run_address>
         <size>0x6</size>
         <input_file_ref idref="fl-e5"/>
      </object_component>
      <object_component id="oc-164">
         <name>.text:TimerIntClear</name>
         <load_address>0x2da8</load_address>
         <run_address>0x2da8</run_address>
         <size>0x4</size>
         <input_file_ref idref="fl-e6"/>
      </object_component>
      <object_component id="oc-95">
         <name>.text:_system_pre_init</name>
         <load_address>0x2dac</load_address>
         <run_address>0x2dac</run_address>
         <size>0x4</size>
         <input_file_ref idref="fl-d1"/>
      </object_component>
      <object_component id="oc-106">
         <name>.text:abort:abort</name>
         <load_address>0x2db0</load_address>
         <run_address>0x2db0</run_address>
         <size>0x4</size>
         <input_file_ref idref="fl-d3"/>
      </object_component>
      <object_component id="oc-2ff">
         <name>.const:.string:_ctypes_</name>
         <load_address>0x2db4</load_address>
         <run_address>0x2db4</run_address>
         <size>0x101</size>
         <input_file_ref idref="fl-d8"/>
      </object_component>
      <object_component id="oc-1d5">
         <name>.const:g_pui32Xtals</name>
         <load_address>0x2eb8</load_address>
         <run_address>0x2eb8</run_address>
         <size>0x6c</size>
         <input_file_ref idref="fl-e5"/>
      </object_component>
      <object_component id="oc-283">
         <name>.const:g_ppui32TimerIntMap</name>
         <load_address>0x2f24</load_address>
         <run_address>0x2f24</run_address>
         <size>0x60</size>
         <input_file_ref idref="fl-e6"/>
      </object_component>
      <object_component id="oc-286">
         <name>.const:g_ppui32TimerIntMapSnowflake</name>
         <load_address>0x2f84</load_address>
         <run_address>0x2f84</run_address>
         <size>0x40</size>
         <input_file_ref idref="fl-e6"/>
      </object_component>
      <object_component id="oc-228">
         <name>.const:g_pui32EnRegs</name>
         <load_address>0x2fc4</load_address>
         <run_address>0x2fc4</run_address>
         <size>0x14</size>
         <input_file_ref idref="fl-e4"/>
      </object_component>
      <object_component id="oc-3f5">
         <name>.cinit..data.load</name>
         <load_address>0x2fd8</load_address>
         <run_address>0x2fd8</run_address>
         <size>0x12</size>
      </object_component>
      <object_component id="oc-3f2">
         <name>__TI_handler_table</name>
         <load_address>0x2fec</load_address>
         <run_address>0x2fec</run_address>
         <size>0xc</size>
      </object_component>
      <object_component id="oc-3f6">
         <name>.cinit..bss.load</name>
         <load_address>0x2ff8</load_address>
         <run_address>0x2ff8</run_address>
         <size>0x8</size>
      </object_component>
      <object_component id="oc-3f4">
         <name>.cinit..vtable.load</name>
         <load_address>0x3000</load_address>
         <run_address>0x3000</run_address>
         <size>0x8</size>
      </object_component>
      <object_component id="oc-3f3">
         <name>__TI_cinit_table</name>
         <load_address>0x3008</load_address>
         <run_address>0x3008</run_address>
         <size>0x18</size>
      </object_component>
      <object_component id="oc-28a">
         <name>.vtable</name>
         <uninitialized>true</uninitialized>
         <run_address>0x20000000</run_address>
         <size>0x26c</size>
         <input_file_ref idref="fl-e4"/>
      </object_component>
      <object_component id="oc-1d1">
         <name>.data</name>
         <load_address>0x20000470</load_address>
         <run_address>0x20000470</run_address>
         <size>0x8</size>
         <input_file_ref idref="fl-2"/>
      </object_component>
      <object_component id="oc-15f">
         <name>.data</name>
         <load_address>0x20000478</load_address>
         <run_address>0x20000478</run_address>
         <size>0x4</size>
         <input_file_ref idref="fl-3"/>
      </object_component>
      <object_component id="oc-19a">
         <name>.data</name>
         <load_address>0x20000480</load_address>
         <run_address>0x20000480</run_address>
         <size>0x4</size>
         <input_file_ref idref="fl-5"/>
      </object_component>
      <object_component id="oc-366">
         <name>.data</name>
         <load_address>0x2000047c</load_address>
         <run_address>0x2000047c</run_address>
         <size>0x4</size>
         <input_file_ref idref="fl-dc"/>
      </object_component>
      <object_component id="oc-19d">
         <name>.bss:saat_buffer</name>
         <uninitialized>true</uninitialized>
         <run_address>0x20000484</run_address>
         <size>0xc</size>
         <input_file_ref idref="fl-5"/>
      </object_component>
      <object_component id="oc-24">
         <name>.stack</name>
         <uninitialized>true</uninitialized>
         <run_address>0x20000270</run_address>
         <size>0x4</size>
         <input_file_ref idref="fl-c6"/>
      </object_component>
      <object_component id="oc-3f8">
         <name>.stack</name>
         <uninitialized>true</uninitialized>
         <run_address>0x20000270</run_address>
         <size>0x0</size>
      </object_component>
      <object_component id="oc-b7">
         <name>.debug_info</name>
         <load_address>0x0</load_address>
         <run_address>0x0</run_address>
         <size>0x548</size>
         <input_file_ref idref="fl-2"/>
      </object_component>
      <object_component id="oc-1d2">
         <name>.debug_info</name>
         <load_address>0x548</load_address>
         <run_address>0x548</run_address>
         <size>0xe7</size>
         <input_file_ref idref="fl-2"/>
      </object_component>
      <object_component id="oc-fa">
         <name>.debug_info</name>
         <load_address>0x62f</load_address>
         <run_address>0x62f</run_address>
         <size>0x3de</size>
         <input_file_ref idref="fl-2"/>
      </object_component>
      <object_component id="oc-70">
         <name>.debug_info</name>
         <load_address>0xa0d</load_address>
         <run_address>0xa0d</run_address>
         <size>0x26b</size>
         <input_file_ref idref="fl-2"/>
      </object_component>
      <object_component id="oc-b2">
         <name>.debug_info</name>
         <load_address>0xc78</load_address>
         <run_address>0xc78</run_address>
         <size>0x8b</size>
         <input_file_ref idref="fl-2"/>
      </object_component>
      <object_component id="oc-ad">
         <name>.debug_info</name>
         <load_address>0xd03</load_address>
         <run_address>0xd03</run_address>
         <size>0x2a4</size>
         <input_file_ref idref="fl-2"/>
      </object_component>
      <object_component id="oc-75">
         <name>.debug_info</name>
         <load_address>0xfa7</load_address>
         <run_address>0xfa7</run_address>
         <size>0xbb</size>
         <input_file_ref idref="fl-2"/>
      </object_component>
      <object_component id="oc-249">
         <name>.debug_info</name>
         <load_address>0x1062</load_address>
         <run_address>0x1062</run_address>
         <size>0x2c</size>
         <input_file_ref idref="fl-2"/>
      </object_component>
      <object_component id="oc-163">
         <name>.debug_info</name>
         <load_address>0x108e</load_address>
         <run_address>0x108e</run_address>
         <size>0x376</size>
         <input_file_ref idref="fl-3"/>
      </object_component>
      <object_component id="oc-160">
         <name>.debug_info</name>
         <load_address>0x1404</load_address>
         <run_address>0x1404</run_address>
         <size>0xb9</size>
         <input_file_ref idref="fl-3"/>
      </object_component>
      <object_component id="oc-ee">
         <name>.debug_info</name>
         <load_address>0x14bd</load_address>
         <run_address>0x14bd</run_address>
         <size>0x7b1</size>
         <input_file_ref idref="fl-3"/>
      </object_component>
      <object_component id="oc-9c">
         <name>.debug_info</name>
         <load_address>0x1c6e</load_address>
         <run_address>0x1c6e</run_address>
         <size>0x2b8</size>
         <input_file_ref idref="fl-4"/>
      </object_component>
      <object_component id="oc-250">
         <name>.debug_info</name>
         <load_address>0x1f26</load_address>
         <run_address>0x1f26</run_address>
         <size>0x54e</size>
         <input_file_ref idref="fl-5"/>
      </object_component>
      <object_component id="oc-19b">
         <name>.debug_info</name>
         <load_address>0x2474</load_address>
         <run_address>0x2474</run_address>
         <size>0x11e</size>
         <input_file_ref idref="fl-5"/>
      </object_component>
      <object_component id="oc-19e">
         <name>.debug_info</name>
         <load_address>0x2592</load_address>
         <run_address>0x2592</run_address>
         <size>0xc9</size>
         <input_file_ref idref="fl-5"/>
      </object_component>
      <object_component id="oc-f3">
         <name>.debug_info</name>
         <load_address>0x265b</load_address>
         <run_address>0x265b</run_address>
         <size>0x34c</size>
         <input_file_ref idref="fl-5"/>
      </object_component>
      <object_component id="oc-2f">
         <name>.debug_info</name>
         <load_address>0x29a7</load_address>
         <run_address>0x29a7</run_address>
         <size>0x2a0</size>
         <input_file_ref idref="fl-6"/>
      </object_component>
      <object_component id="oc-13">
         <name>.debug_info</name>
         <load_address>0x2c47</load_address>
         <run_address>0x2c47</run_address>
         <size>0xdf</size>
         <input_file_ref idref="fl-6"/>
      </object_component>
      <object_component id="oc-28">
         <name>.debug_info</name>
         <load_address>0x2d26</load_address>
         <run_address>0x2d26</run_address>
         <size>0x25b</size>
         <input_file_ref idref="fl-6"/>
      </object_component>
      <object_component id="oc-36">
         <name>.debug_info</name>
         <load_address>0x2f81</load_address>
         <run_address>0x2f81</run_address>
         <size>0x84</size>
         <input_file_ref idref="fl-6"/>
      </object_component>
      <object_component id="oc-248">
         <name>.debug_info</name>
         <load_address>0x3005</load_address>
         <run_address>0x3005</run_address>
         <size>0x333</size>
         <input_file_ref idref="fl-c1"/>
      </object_component>
      <object_component id="oc-197">
         <name>.debug_info</name>
         <load_address>0x3338</load_address>
         <run_address>0x3338</run_address>
         <size>0x1d1</size>
         <input_file_ref idref="fl-c1"/>
      </object_component>
      <object_component id="oc-23e">
         <name>.debug_info</name>
         <load_address>0x3509</load_address>
         <run_address>0x3509</run_address>
         <size>0x18d</size>
         <input_file_ref idref="fl-c1"/>
      </object_component>
      <object_component id="oc-243">
         <name>.debug_info</name>
         <load_address>0x3696</load_address>
         <run_address>0x3696</run_address>
         <size>0x16d</size>
         <input_file_ref idref="fl-c1"/>
      </object_component>
      <object_component id="oc-36d">
         <name>.debug_info</name>
         <load_address>0x3803</load_address>
         <run_address>0x3803</run_address>
         <size>0x2c</size>
         <input_file_ref idref="fl-c1"/>
      </object_component>
      <object_component id="oc-3e">
         <name>.debug_info</name>
         <load_address>0x382f</load_address>
         <run_address>0x382f</run_address>
         <size>0x119</size>
         <input_file_ref idref="fl-c2"/>
      </object_component>
      <object_component id="oc-8e">
         <name>.debug_info</name>
         <load_address>0x3948</load_address>
         <run_address>0x3948</run_address>
         <size>0x2d4</size>
         <input_file_ref idref="fl-c3"/>
      </object_component>
      <object_component id="oc-48">
         <name>.debug_info</name>
         <load_address>0x3c1c</load_address>
         <run_address>0x3c1c</run_address>
         <size>0x1d2</size>
         <input_file_ref idref="fl-c3"/>
      </object_component>
      <object_component id="oc-89">
         <name>.debug_info</name>
         <load_address>0x3dee</load_address>
         <run_address>0x3dee</run_address>
         <size>0x46</size>
         <input_file_ref idref="fl-c3"/>
      </object_component>
      <object_component id="oc-bf">
         <name>.debug_info</name>
         <load_address>0x3e34</load_address>
         <run_address>0x3e34</run_address>
         <size>0x2c</size>
         <input_file_ref idref="fl-c3"/>
      </object_component>
      <object_component id="oc-46">
         <name>.debug_info</name>
         <load_address>0x3e60</load_address>
         <run_address>0x3e60</run_address>
         <size>0x2a8</size>
         <input_file_ref idref="fl-c4"/>
      </object_component>
      <object_component id="oc-1f">
         <name>.debug_info</name>
         <load_address>0x4108</load_address>
         <run_address>0x4108</run_address>
         <size>0x1ea</size>
         <input_file_ref idref="fl-c4"/>
      </object_component>
      <object_component id="oc-41">
         <name>.debug_info</name>
         <load_address>0x42f2</load_address>
         <run_address>0x42f2</run_address>
         <size>0x46</size>
         <input_file_ref idref="fl-c4"/>
      </object_component>
      <object_component id="oc-81">
         <name>.debug_info</name>
         <load_address>0x4338</load_address>
         <run_address>0x4338</run_address>
         <size>0x2c</size>
         <input_file_ref idref="fl-c4"/>
      </object_component>
      <object_component id="oc-7f">
         <name>.debug_info</name>
         <load_address>0x4364</load_address>
         <run_address>0x4364</run_address>
         <size>0x29e</size>
         <input_file_ref idref="fl-c5"/>
      </object_component>
      <object_component id="oc-19">
         <name>.debug_info</name>
         <load_address>0x4602</load_address>
         <run_address>0x4602</run_address>
         <size>0x250</size>
         <input_file_ref idref="fl-c5"/>
      </object_component>
      <object_component id="oc-31">
         <name>.debug_info</name>
         <load_address>0x4852</load_address>
         <run_address>0x4852</run_address>
         <size>0x60</size>
         <input_file_ref idref="fl-c5"/>
      </object_component>
      <object_component id="oc-b8">
         <name>.debug_info</name>
         <load_address>0x48b2</load_address>
         <run_address>0x48b2</run_address>
         <size>0x46</size>
         <input_file_ref idref="fl-c5"/>
      </object_component>
      <object_component id="oc-7a">
         <name>.debug_info</name>
         <load_address>0x48f8</load_address>
         <run_address>0x48f8</run_address>
         <size>0x39</size>
         <input_file_ref idref="fl-c5"/>
      </object_component>
      <object_component id="oc-25">
         <name>.debug_info</name>
         <load_address>0x4931</load_address>
         <run_address>0x4931</run_address>
         <size>0x10b</size>
         <input_file_ref idref="fl-c6"/>
      </object_component>
      <object_component id="oc-5c">
         <name>.debug_info</name>
         <load_address>0x4a3c</load_address>
         <run_address>0x4a3c</run_address>
         <size>0x1a9</size>
         <input_file_ref idref="fl-c6"/>
      </object_component>
      <object_component id="oc-2d5">
         <name>.debug_info</name>
         <load_address>0x4be5</load_address>
         <run_address>0x4be5</run_address>
         <size>0x590</size>
         <input_file_ref idref="fl-c7"/>
      </object_component>
      <object_component id="oc-2a0">
         <name>.debug_info</name>
         <load_address>0x5175</load_address>
         <run_address>0x5175</run_address>
         <size>0x21e</size>
         <input_file_ref idref="fl-c7"/>
      </object_component>
      <object_component id="oc-330">
         <name>.debug_info</name>
         <load_address>0x5393</load_address>
         <run_address>0x5393</run_address>
         <size>0x1b3</size>
         <input_file_ref idref="fl-c7"/>
      </object_component>
      <object_component id="oc-337">
         <name>.debug_info</name>
         <load_address>0x5546</load_address>
         <run_address>0x5546</run_address>
         <size>0x21b</size>
         <input_file_ref idref="fl-c7"/>
      </object_component>
      <object_component id="oc-2ab">
         <name>.debug_info</name>
         <load_address>0x5761</load_address>
         <run_address>0x5761</run_address>
         <size>0x3c0</size>
         <input_file_ref idref="fl-c7"/>
      </object_component>
      <object_component id="oc-33e">
         <name>.debug_info</name>
         <load_address>0x5b21</load_address>
         <run_address>0x5b21</run_address>
         <size>0x30a</size>
         <input_file_ref idref="fl-c7"/>
      </object_component>
      <object_component id="oc-344">
         <name>.debug_info</name>
         <load_address>0x5e2b</load_address>
         <run_address>0x5e2b</run_address>
         <size>0x215</size>
         <input_file_ref idref="fl-c7"/>
      </object_component>
      <object_component id="oc-2b2">
         <name>.debug_info</name>
         <load_address>0x6040</load_address>
         <run_address>0x6040</run_address>
         <size>0x215</size>
         <input_file_ref idref="fl-c7"/>
      </object_component>
      <object_component id="oc-2b8">
         <name>.debug_info</name>
         <load_address>0x6255</load_address>
         <run_address>0x6255</run_address>
         <size>0x304</size>
         <input_file_ref idref="fl-c7"/>
      </object_component>
      <object_component id="oc-2be">
         <name>.debug_info</name>
         <load_address>0x6559</load_address>
         <run_address>0x6559</run_address>
         <size>0x4b5</size>
         <input_file_ref idref="fl-c7"/>
      </object_component>
      <object_component id="oc-237">
         <name>.debug_info</name>
         <load_address>0x6a0e</load_address>
         <run_address>0x6a0e</run_address>
         <size>0x5f4</size>
         <input_file_ref idref="fl-c7"/>
      </object_component>
      <object_component id="oc-2d6">
         <name>.debug_info</name>
         <load_address>0x7002</load_address>
         <run_address>0x7002</run_address>
         <size>0x86</size>
         <input_file_ref idref="fl-c7"/>
      </object_component>
      <object_component id="oc-372">
         <name>.debug_info</name>
         <load_address>0x7088</load_address>
         <run_address>0x7088</run_address>
         <size>0x39</size>
         <input_file_ref idref="fl-c7"/>
      </object_component>
      <object_component id="oc-3b3">
         <name>.debug_info</name>
         <load_address>0x70c1</load_address>
         <run_address>0x70c1</run_address>
         <size>0xb6</size>
         <input_file_ref idref="fl-c7"/>
      </object_component>
      <object_component id="oc-377">
         <name>.debug_info</name>
         <load_address>0x7177</load_address>
         <run_address>0x7177</run_address>
         <size>0x46</size>
         <input_file_ref idref="fl-c7"/>
      </object_component>
      <object_component id="oc-2db">
         <name>.debug_info</name>
         <load_address>0x71bd</load_address>
         <run_address>0x71bd</run_address>
         <size>0x46</size>
         <input_file_ref idref="fl-c7"/>
      </object_component>
      <object_component id="oc-32b">
         <name>.debug_info</name>
         <load_address>0x7203</load_address>
         <run_address>0x7203</run_address>
         <size>0x14c</size>
         <input_file_ref idref="fl-c8"/>
      </object_component>
      <object_component id="oc-2a6">
         <name>.debug_info</name>
         <load_address>0x734f</load_address>
         <run_address>0x734f</run_address>
         <size>0x128</size>
         <input_file_ref idref="fl-c9"/>
      </object_component>
      <object_component id="oc-317">
         <name>.debug_info</name>
         <load_address>0x7477</load_address>
         <run_address>0x7477</run_address>
         <size>0x12a</size>
         <input_file_ref idref="fl-c9"/>
      </object_component>
      <object_component id="oc-312">
         <name>.debug_info</name>
         <load_address>0x75a1</load_address>
         <run_address>0x75a1</run_address>
         <size>0x13a</size>
         <input_file_ref idref="fl-ca"/>
      </object_component>
      <object_component id="oc-30c">
         <name>.debug_info</name>
         <load_address>0x76db</load_address>
         <run_address>0x76db</run_address>
         <size>0x13a</size>
         <input_file_ref idref="fl-cb"/>
      </object_component>
      <object_component id="oc-31b">
         <name>.debug_info</name>
         <load_address>0x7815</load_address>
         <run_address>0x7815</run_address>
         <size>0x12e</size>
         <input_file_ref idref="fl-cc"/>
      </object_component>
      <object_component id="oc-328">
         <name>.debug_info</name>
         <load_address>0x7943</load_address>
         <run_address>0x7943</run_address>
         <size>0x12c</size>
         <input_file_ref idref="fl-cd"/>
      </object_component>
      <object_component id="oc-90">
         <name>.debug_info</name>
         <load_address>0x7a6f</load_address>
         <run_address>0x7a6f</run_address>
         <size>0x147</size>
         <input_file_ref idref="fl-ce"/>
      </object_component>
      <object_component id="oc-306">
         <name>.debug_info</name>
         <load_address>0x7bb6</load_address>
         <run_address>0x7bb6</run_address>
         <size>0x134</size>
         <input_file_ref idref="fl-cf"/>
      </object_component>
      <object_component id="oc-1e4">
         <name>.debug_info</name>
         <load_address>0x7cea</load_address>
         <run_address>0x7cea</run_address>
         <size>0x4b3</size>
         <input_file_ref idref="fl-d0"/>
      </object_component>
      <object_component id="oc-113">
         <name>.debug_info</name>
         <load_address>0x819d</load_address>
         <run_address>0x819d</run_address>
         <size>0x1a6</size>
         <input_file_ref idref="fl-d0"/>
      </object_component>
      <object_component id="oc-270">
         <name>.debug_info</name>
         <load_address>0x8343</load_address>
         <run_address>0x8343</run_address>
         <size>0x39</size>
         <input_file_ref idref="fl-d0"/>
      </object_component>
      <object_component id="oc-2eb">
         <name>.debug_info</name>
         <load_address>0x837c</load_address>
         <run_address>0x837c</run_address>
         <size>0x39</size>
         <input_file_ref idref="fl-d0"/>
      </object_component>
      <object_component id="oc-275">
         <name>.debug_info</name>
         <load_address>0x83b5</load_address>
         <run_address>0x83b5</run_address>
         <size>0x39</size>
         <input_file_ref idref="fl-d0"/>
      </object_component>
      <object_component id="oc-27a">
         <name>.debug_info</name>
         <load_address>0x83ee</load_address>
         <run_address>0x83ee</run_address>
         <size>0xcd</size>
         <input_file_ref idref="fl-d0"/>
      </object_component>
      <object_component id="oc-96">
         <name>.debug_info</name>
         <load_address>0x84bb</load_address>
         <run_address>0x84bb</run_address>
         <size>0x153</size>
         <input_file_ref idref="fl-d1"/>
      </object_component>
      <object_component id="oc-109">
         <name>.debug_info</name>
         <load_address>0x860e</load_address>
         <run_address>0x860e</run_address>
         <size>0x122</size>
         <input_file_ref idref="fl-d3"/>
      </object_component>
      <object_component id="oc-38e">
         <name>.debug_info</name>
         <load_address>0x8730</load_address>
         <run_address>0x8730</run_address>
         <size>0x29c</size>
         <input_file_ref idref="fl-d5"/>
      </object_component>
      <object_component id="oc-320">
         <name>.debug_info</name>
         <load_address>0x89cc</load_address>
         <run_address>0x89cc</run_address>
         <size>0x1da</size>
         <input_file_ref idref="fl-d5"/>
      </object_component>
      <object_component id="oc-303">
         <name>.debug_info</name>
         <load_address>0x8ba6</load_address>
         <run_address>0x8ba6</run_address>
         <size>0x2b9</size>
         <input_file_ref idref="fl-d7"/>
      </object_component>
      <object_component id="oc-29c">
         <name>.debug_info</name>
         <load_address>0x8e5f</load_address>
         <run_address>0x8e5f</run_address>
         <size>0x17c</size>
         <input_file_ref idref="fl-d7"/>
      </object_component>
      <object_component id="oc-380">
         <name>.debug_info</name>
         <load_address>0x8fdb</load_address>
         <run_address>0x8fdb</run_address>
         <size>0xf9</size>
         <input_file_ref idref="fl-d8"/>
      </object_component>
      <object_component id="oc-300">
         <name>.debug_info</name>
         <load_address>0x90d4</load_address>
         <run_address>0x90d4</run_address>
         <size>0x105</size>
         <input_file_ref idref="fl-d8"/>
      </object_component>
      <object_component id="oc-35e">
         <name>.debug_info</name>
         <load_address>0x91d9</load_address>
         <run_address>0x91d9</run_address>
         <size>0x2a7</size>
         <input_file_ref idref="fl-d9"/>
      </object_component>
      <object_component id="oc-2c5">
         <name>.debug_info</name>
         <load_address>0x9480</load_address>
         <run_address>0x9480</run_address>
         <size>0x1b8</size>
         <input_file_ref idref="fl-d9"/>
      </object_component>
      <object_component id="oc-3a5">
         <name>.debug_info</name>
         <load_address>0x9638</load_address>
         <run_address>0x9638</run_address>
         <size>0x29a</size>
         <input_file_ref idref="fl-da"/>
      </object_component>
      <object_component id="oc-359">
         <name>.debug_info</name>
         <load_address>0x98d2</load_address>
         <run_address>0x98d2</run_address>
         <size>0x262</size>
         <input_file_ref idref="fl-da"/>
      </object_component>
      <object_component id="oc-2fe">
         <name>.debug_info</name>
         <load_address>0x9b34</load_address>
         <run_address>0x9b34</run_address>
         <size>0x28f</size>
         <input_file_ref idref="fl-db"/>
      </object_component>
      <object_component id="oc-294">
         <name>.debug_info</name>
         <load_address>0x9dc3</load_address>
         <run_address>0x9dc3</run_address>
         <size>0x245</size>
         <input_file_ref idref="fl-db"/>
      </object_component>
      <object_component id="oc-36a">
         <name>.debug_info</name>
         <load_address>0xa008</load_address>
         <run_address>0xa008</run_address>
         <size>0x289</size>
         <input_file_ref idref="fl-dc"/>
      </object_component>
      <object_component id="oc-367">
         <name>.debug_info</name>
         <load_address>0xa291</load_address>
         <run_address>0xa291</run_address>
         <size>0x10e</size>
         <input_file_ref idref="fl-dc"/>
      </object_component>
      <object_component id="oc-2cf">
         <name>.debug_info</name>
         <load_address>0xa39f</load_address>
         <run_address>0xa39f</run_address>
         <size>0x14e</size>
         <input_file_ref idref="fl-dc"/>
      </object_component>
      <object_component id="oc-365">
         <name>.debug_info</name>
         <load_address>0xa4ed</load_address>
         <run_address>0xa4ed</run_address>
         <size>0x28f</size>
         <input_file_ref idref="fl-dd"/>
      </object_component>
      <object_component id="oc-2cc">
         <name>.debug_info</name>
         <load_address>0xa77c</load_address>
         <run_address>0xa77c</run_address>
         <size>0x15a</size>
         <input_file_ref idref="fl-dd"/>
      </object_component>
      <object_component id="oc-3a8">
         <name>.debug_info</name>
         <load_address>0xa8d6</load_address>
         <run_address>0xa8d6</run_address>
         <size>0x46</size>
         <input_file_ref idref="fl-dd"/>
      </object_component>
      <object_component id="oc-360">
         <name>.debug_info</name>
         <load_address>0xa91c</load_address>
         <run_address>0xa91c</run_address>
         <size>0x39</size>
         <input_file_ref idref="fl-dd"/>
      </object_component>
      <object_component id="oc-396">
         <name>.debug_info</name>
         <load_address>0xa955</load_address>
         <run_address>0xa955</run_address>
         <size>0x295</size>
         <input_file_ref idref="fl-de"/>
      </object_component>
      <object_component id="oc-34c">
         <name>.debug_info</name>
         <load_address>0xabea</load_address>
         <run_address>0xabea</run_address>
         <size>0x195</size>
         <input_file_ref idref="fl-de"/>
      </object_component>
      <object_component id="oc-3bf">
         <name>.debug_info</name>
         <load_address>0xad7f</load_address>
         <run_address>0xad7f</run_address>
         <size>0x39</size>
         <input_file_ref idref="fl-de"/>
      </object_component>
      <object_component id="oc-397">
         <name>.debug_info</name>
         <load_address>0xadb8</load_address>
         <run_address>0xadb8</run_address>
         <size>0x2c</size>
         <input_file_ref idref="fl-de"/>
      </object_component>
      <object_component id="oc-3a3">
         <name>.debug_info</name>
         <load_address>0xade4</load_address>
         <run_address>0xade4</run_address>
         <size>0x2f8</size>
         <input_file_ref idref="fl-df"/>
      </object_component>
      <object_component id="oc-354">
         <name>.debug_info</name>
         <load_address>0xb0dc</load_address>
         <run_address>0xb0dc</run_address>
         <size>0x225</size>
         <input_file_ref idref="fl-df"/>
      </object_component>
      <object_component id="oc-384">
         <name>.debug_info</name>
         <load_address>0xb301</load_address>
         <run_address>0xb301</run_address>
         <size>0x115</size>
         <input_file_ref idref="fl-e0"/>
      </object_component>
      <object_component id="oc-39d">
         <name>.debug_info</name>
         <load_address>0xb416</load_address>
         <run_address>0xb416</run_address>
         <size>0x161</size>
         <input_file_ref idref="fl-e1"/>
      </object_component>
      <object_component id="oc-255">
         <name>.debug_info</name>
         <load_address>0xb577</load_address>
         <run_address>0xb577</run_address>
         <size>0x3ba</size>
         <input_file_ref idref="fl-e2"/>
      </object_component>
      <object_component id="oc-1ae">
         <name>.debug_info</name>
         <load_address>0xb931</load_address>
         <run_address>0xb931</run_address>
         <size>0x33c</size>
         <input_file_ref idref="fl-e2"/>
      </object_component>
      <object_component id="oc-1b4">
         <name>.debug_info</name>
         <load_address>0xbc6d</load_address>
         <run_address>0xbc6d</run_address>
         <size>0x2a9</size>
         <input_file_ref idref="fl-e2"/>
      </object_component>
      <object_component id="oc-1cc">
         <name>.debug_info</name>
         <load_address>0xbf16</load_address>
         <run_address>0xbf16</run_address>
         <size>0x308</size>
         <input_file_ref idref="fl-e2"/>
      </object_component>
      <object_component id="oc-1a8">
         <name>.debug_info</name>
         <load_address>0xc21e</load_address>
         <run_address>0xc21e</run_address>
         <size>0x32f</size>
         <input_file_ref idref="fl-e2"/>
      </object_component>
      <object_component id="oc-1c0">
         <name>.debug_info</name>
         <load_address>0xc54d</load_address>
         <run_address>0xc54d</run_address>
         <size>0x2ad</size>
         <input_file_ref idref="fl-e2"/>
      </object_component>
      <object_component id="oc-1c6">
         <name>.debug_info</name>
         <load_address>0xc7fa</load_address>
         <run_address>0xc7fa</run_address>
         <size>0x2f0</size>
         <input_file_ref idref="fl-e2"/>
      </object_component>
      <object_component id="oc-1ba">
         <name>.debug_info</name>
         <load_address>0xcaea</load_address>
         <run_address>0xcaea</run_address>
         <size>0x29d</size>
         <input_file_ref idref="fl-e2"/>
      </object_component>
      <object_component id="oc-209">
         <name>.debug_info</name>
         <load_address>0xcd87</load_address>
         <run_address>0xcd87</run_address>
         <size>0x26b</size>
         <input_file_ref idref="fl-e2"/>
      </object_component>
      <object_component id="oc-1f9">
         <name>.debug_info</name>
         <load_address>0xcff2</load_address>
         <run_address>0xcff2</run_address>
         <size>0x297</size>
         <input_file_ref idref="fl-e2"/>
      </object_component>
      <object_component id="oc-204">
         <name>.debug_info</name>
         <load_address>0xd289</load_address>
         <run_address>0xd289</run_address>
         <size>0xef</size>
         <input_file_ref idref="fl-e2"/>
      </object_component>
      <object_component id="oc-147">
         <name>.debug_info</name>
         <load_address>0xd378</load_address>
         <run_address>0xd378</run_address>
         <size>0xbb</size>
         <input_file_ref idref="fl-e2"/>
      </object_component>
      <object_component id="oc-156">
         <name>.debug_info</name>
         <load_address>0xd433</load_address>
         <run_address>0xd433</run_address>
         <size>0x3e4</size>
         <input_file_ref idref="fl-e3"/>
      </object_component>
      <object_component id="oc-15a">
         <name>.debug_info</name>
         <load_address>0xd817</load_address>
         <run_address>0xd817</run_address>
         <size>0x2ac</size>
         <input_file_ref idref="fl-e3"/>
      </object_component>
      <object_component id="oc-150">
         <name>.debug_info</name>
         <load_address>0xdac3</load_address>
         <run_address>0xdac3</run_address>
         <size>0x2bc</size>
         <input_file_ref idref="fl-e3"/>
      </object_component>
      <object_component id="oc-e7">
         <name>.debug_info</name>
         <load_address>0xdd7f</load_address>
         <run_address>0xdd7f</run_address>
         <size>0x31f</size>
         <input_file_ref idref="fl-e3"/>
      </object_component>
      <object_component id="oc-db">
         <name>.debug_info</name>
         <load_address>0xe09e</load_address>
         <run_address>0xe09e</run_address>
         <size>0x2c0</size>
         <input_file_ref idref="fl-e3"/>
      </object_component>
      <object_component id="oc-e1">
         <name>.debug_info</name>
         <load_address>0xe35e</load_address>
         <run_address>0xe35e</run_address>
         <size>0x2a5</size>
         <input_file_ref idref="fl-e3"/>
      </object_component>
      <object_component id="oc-1a2">
         <name>.debug_info</name>
         <load_address>0xe603</load_address>
         <run_address>0xe603</run_address>
         <size>0x299</size>
         <input_file_ref idref="fl-e3"/>
      </object_component>
      <object_component id="oc-22c">
         <name>.debug_info</name>
         <load_address>0xe89c</load_address>
         <run_address>0xe89c</run_address>
         <size>0x3b7</size>
         <input_file_ref idref="fl-e4"/>
      </object_component>
      <object_component id="oc-229">
         <name>.debug_info</name>
         <load_address>0xec53</load_address>
         <run_address>0xec53</run_address>
         <size>0x15b</size>
         <input_file_ref idref="fl-e4"/>
      </object_component>
      <object_component id="oc-28b">
         <name>.debug_info</name>
         <load_address>0xedae</load_address>
         <run_address>0xedae</run_address>
         <size>0x160</size>
         <input_file_ref idref="fl-e4"/>
      </object_component>
      <object_component id="oc-221">
         <name>.debug_info</name>
         <load_address>0xef0e</load_address>
         <run_address>0xef0e</run_address>
         <size>0x2ca</size>
         <input_file_ref idref="fl-e4"/>
      </object_component>
      <object_component id="oc-189">
         <name>.debug_info</name>
         <load_address>0xf1d8</load_address>
         <run_address>0xf1d8</run_address>
         <size>0x247</size>
         <input_file_ref idref="fl-e4"/>
      </object_component>
      <object_component id="oc-183">
         <name>.debug_info</name>
         <load_address>0xf41f</load_address>
         <run_address>0xf41f</run_address>
         <size>0x271</size>
         <input_file_ref idref="fl-e4"/>
      </object_component>
      <object_component id="oc-14c">
         <name>.debug_info</name>
         <load_address>0xf690</load_address>
         <run_address>0xf690</run_address>
         <size>0x441</size>
         <input_file_ref idref="fl-e5"/>
      </object_component>
      <object_component id="oc-1d6">
         <name>.debug_info</name>
         <load_address>0xfad1</load_address>
         <run_address>0xfad1</run_address>
         <size>0x156</size>
         <input_file_ref idref="fl-e5"/>
      </object_component>
      <object_component id="oc-d6">
         <name>.debug_info</name>
         <load_address>0xfc27</load_address>
         <run_address>0xfc27</run_address>
         <size>0x288</size>
         <input_file_ref idref="fl-e5"/>
      </object_component>
      <object_component id="oc-d0">
         <name>.debug_info</name>
         <load_address>0xfeaf</load_address>
         <run_address>0xfeaf</run_address>
         <size>0x286</size>
         <input_file_ref idref="fl-e5"/>
      </object_component>
      <object_component id="oc-ca">
         <name>.debug_info</name>
         <load_address>0x10135</load_address>
         <run_address>0x10135</run_address>
         <size>0x2e4</size>
         <input_file_ref idref="fl-e5"/>
      </object_component>
      <object_component id="oc-100">
         <name>.debug_info</name>
         <load_address>0x10419</load_address>
         <run_address>0x10419</run_address>
         <size>0x2be</size>
         <input_file_ref idref="fl-e5"/>
      </object_component>
      <object_component id="oc-200">
         <name>.debug_info</name>
         <load_address>0x106d7</load_address>
         <run_address>0x106d7</run_address>
         <size>0x51</size>
         <input_file_ref idref="fl-e5"/>
      </object_component>
      <object_component id="oc-217">
         <name>.debug_info</name>
         <load_address>0x10728</load_address>
         <run_address>0x10728</run_address>
         <size>0x3c7</size>
         <input_file_ref idref="fl-e6"/>
      </object_component>
      <object_component id="oc-284">
         <name>.debug_info</name>
         <load_address>0x10aef</load_address>
         <run_address>0x10aef</run_address>
         <size>0x163</size>
         <input_file_ref idref="fl-e6"/>
      </object_component>
      <object_component id="oc-287">
         <name>.debug_info</name>
         <load_address>0x10c52</load_address>
         <run_address>0x10c52</run_address>
         <size>0x175</size>
         <input_file_ref idref="fl-e6"/>
      </object_component>
      <object_component id="oc-171">
         <name>.debug_info</name>
         <load_address>0x10dc7</load_address>
         <run_address>0x10dc7</run_address>
         <size>0x2c3</size>
         <input_file_ref idref="fl-e6"/>
      </object_component>
      <object_component id="oc-21b">
         <name>.debug_info</name>
         <load_address>0x1108a</load_address>
         <run_address>0x1108a</run_address>
         <size>0x2f4</size>
         <input_file_ref idref="fl-e6"/>
      </object_component>
      <object_component id="oc-177">
         <name>.debug_info</name>
         <load_address>0x1137e</load_address>
         <run_address>0x1137e</run_address>
         <size>0x2ed</size>
         <input_file_ref idref="fl-e6"/>
      </object_component>
      <object_component id="oc-17d">
         <name>.debug_info</name>
         <load_address>0x1166b</load_address>
         <run_address>0x1166b</run_address>
         <size>0x29d</size>
         <input_file_ref idref="fl-e6"/>
      </object_component>
      <object_component id="oc-165">
         <name>.debug_info</name>
         <load_address>0x11908</load_address>
         <run_address>0x11908</run_address>
         <size>0x29b</size>
         <input_file_ref idref="fl-e6"/>
      </object_component>
      <object_component id="oc-18f">
         <name>.debug_info</name>
         <load_address>0x11ba3</load_address>
         <run_address>0x11ba3</run_address>
         <size>0x288</size>
         <input_file_ref idref="fl-e6"/>
      </object_component>
      <object_component id="oc-16b">
         <name>.debug_info</name>
         <load_address>0x11e2b</load_address>
         <run_address>0x11e2b</run_address>
         <size>0x295</size>
         <input_file_ref idref="fl-e6"/>
      </object_component>
      <object_component id="oc-22e">
         <name>.debug_info</name>
         <load_address>0x120c0</load_address>
         <run_address>0x120c0</run_address>
         <size>0x21b</size>
         <input_file_ref idref="fl-e7"/>
      </object_component>
      <object_component id="oc-3f9">
         <name>.debug_info</name>
         <load_address>0x122db</load_address>
         <run_address>0x122db</run_address>
         <size>0x92</size>
      </object_component>
      <object_component id="oc-145">
         <name>.debug_line</name>
         <load_address>0x0</load_address>
         <run_address>0x0</run_address>
         <size>0xcf</size>
         <input_file_ref idref="fl-2"/>
      </object_component>
      <object_component id="oc-25d">
         <name>.debug_line</name>
         <load_address>0xcf</load_address>
         <run_address>0xcf</run_address>
         <size>0x2c</size>
         <input_file_ref idref="fl-2"/>
      </object_component>
      <object_component id="oc-f9">
         <name>.debug_line</name>
         <load_address>0xfb</load_address>
         <run_address>0xfb</run_address>
         <size>0xb8</size>
         <input_file_ref idref="fl-2"/>
      </object_component>
      <object_component id="oc-73">
         <name>.debug_line</name>
         <load_address>0x1b3</load_address>
         <run_address>0x1b3</run_address>
         <size>0x6f</size>
         <input_file_ref idref="fl-2"/>
      </object_component>
      <object_component id="oc-b5">
         <name>.debug_line</name>
         <load_address>0x222</load_address>
         <run_address>0x222</run_address>
         <size>0x20</size>
         <input_file_ref idref="fl-2"/>
      </object_component>
      <object_component id="oc-b0">
         <name>.debug_line</name>
         <load_address>0x242</load_address>
         <run_address>0x242</run_address>
         <size>0x73</size>
         <input_file_ref idref="fl-2"/>
      </object_component>
      <object_component id="oc-78">
         <name>.debug_line</name>
         <load_address>0x2b5</load_address>
         <run_address>0x2b5</run_address>
         <size>0x70</size>
         <input_file_ref idref="fl-2"/>
      </object_component>
      <object_component id="oc-24c">
         <name>.debug_line</name>
         <load_address>0x325</load_address>
         <run_address>0x325</run_address>
         <size>0x6b</size>
         <input_file_ref idref="fl-2"/>
      </object_component>
      <object_component id="oc-215">
         <name>.debug_line</name>
         <load_address>0x390</load_address>
         <run_address>0x390</run_address>
         <size>0x8e</size>
         <input_file_ref idref="fl-3"/>
      </object_component>
      <object_component id="oc-213">
         <name>.debug_line</name>
         <load_address>0x41e</load_address>
         <run_address>0x41e</run_address>
         <size>0x2c</size>
         <input_file_ref idref="fl-3"/>
      </object_component>
      <object_component id="oc-ed">
         <name>.debug_line</name>
         <load_address>0x44a</load_address>
         <run_address>0x44a</run_address>
         <size>0x135</size>
         <input_file_ref idref="fl-3"/>
      </object_component>
      <object_component id="oc-9f">
         <name>.debug_line</name>
         <load_address>0x57f</load_address>
         <run_address>0x57f</run_address>
         <size>0x75</size>
         <input_file_ref idref="fl-4"/>
      </object_component>
      <object_component id="oc-2e5">
         <name>.debug_line</name>
         <load_address>0x5f4</load_address>
         <run_address>0x5f4</run_address>
         <size>0x120</size>
         <input_file_ref idref="fl-5"/>
      </object_component>
      <object_component id="oc-24f">
         <name>.debug_line</name>
         <load_address>0x714</load_address>
         <run_address>0x714</run_address>
         <size>0x2e</size>
         <input_file_ref idref="fl-5"/>
      </object_component>
      <object_component id="oc-252">
         <name>.debug_line</name>
         <load_address>0x742</load_address>
         <run_address>0x742</run_address>
         <size>0x2e</size>
         <input_file_ref idref="fl-5"/>
      </object_component>
      <object_component id="oc-f7">
         <name>.debug_line</name>
         <load_address>0x770</load_address>
         <run_address>0x770</run_address>
         <size>0xc0</size>
         <input_file_ref idref="fl-5"/>
      </object_component>
      <object_component id="oc-6f">
         <name>.debug_line</name>
         <load_address>0x830</load_address>
         <run_address>0x830</run_address>
         <size>0x41</size>
         <input_file_ref idref="fl-6"/>
      </object_component>
      <object_component id="oc-2e">
         <name>.debug_line</name>
         <load_address>0x871</load_address>
         <run_address>0x871</run_address>
         <size>0x41</size>
         <input_file_ref idref="fl-6"/>
      </object_component>
      <object_component id="oc-2b">
         <name>.debug_line</name>
         <load_address>0x8b2</load_address>
         <run_address>0x8b2</run_address>
         <size>0xa1</size>
         <input_file_ref idref="fl-6"/>
      </object_component>
      <object_component id="oc-39">
         <name>.debug_line</name>
         <load_address>0x953</load_address>
         <run_address>0x953</run_address>
         <size>0x20</size>
         <input_file_ref idref="fl-6"/>
      </object_component>
      <object_component id="oc-2e3">
         <name>.debug_line</name>
         <load_address>0x973</load_address>
         <run_address>0x973</run_address>
         <size>0x2d</size>
         <input_file_ref idref="fl-c1"/>
      </object_component>
      <object_component id="oc-195">
         <name>.debug_line</name>
         <load_address>0x9a0</load_address>
         <run_address>0x9a0</run_address>
         <size>0x4b</size>
         <input_file_ref idref="fl-c1"/>
      </object_component>
      <object_component id="oc-240">
         <name>.debug_line</name>
         <load_address>0x9eb</load_address>
         <run_address>0x9eb</run_address>
         <size>0x4b</size>
         <input_file_ref idref="fl-c1"/>
      </object_component>
      <object_component id="oc-245">
         <name>.debug_line</name>
         <load_address>0xa36</load_address>
         <run_address>0xa36</run_address>
         <size>0x3f</size>
         <input_file_ref idref="fl-c1"/>
      </object_component>
      <object_component id="oc-370">
         <name>.debug_line</name>
         <load_address>0xa75</load_address>
         <run_address>0xa75</run_address>
         <size>0x91</size>
         <input_file_ref idref="fl-c1"/>
      </object_component>
      <object_component id="oc-3c">
         <name>.debug_line</name>
         <load_address>0xb06</load_address>
         <run_address>0xb06</run_address>
         <size>0x88</size>
         <input_file_ref idref="fl-c2"/>
      </object_component>
      <object_component id="oc-c5">
         <name>.debug_line</name>
         <load_address>0xb8e</load_address>
         <run_address>0xb8e</run_address>
         <size>0x92</size>
         <input_file_ref idref="fl-c3"/>
      </object_component>
      <object_component id="oc-4b">
         <name>.debug_line</name>
         <load_address>0xc20</load_address>
         <run_address>0xc20</run_address>
         <size>0x4c</size>
         <input_file_ref idref="fl-c3"/>
      </object_component>
      <object_component id="oc-8c">
         <name>.debug_line</name>
         <load_address>0xc6c</load_address>
         <run_address>0xc6c</run_address>
         <size>0x34</size>
         <input_file_ref idref="fl-c3"/>
      </object_component>
      <object_component id="oc-c2">
         <name>.debug_line</name>
         <load_address>0xca0</load_address>
         <run_address>0xca0</run_address>
         <size>0x92</size>
         <input_file_ref idref="fl-c3"/>
      </object_component>
      <object_component id="oc-87">
         <name>.debug_line</name>
         <load_address>0xd32</load_address>
         <run_address>0xd32</run_address>
         <size>0x20</size>
         <input_file_ref idref="fl-c4"/>
      </object_component>
      <object_component id="oc-1d">
         <name>.debug_line</name>
         <load_address>0xd52</load_address>
         <run_address>0xd52</run_address>
         <size>0x55</size>
         <input_file_ref idref="fl-c4"/>
      </object_component>
      <object_component id="oc-44">
[...]
               <start_address>0x20000490</start_address>
               <size>0x7b70</size>
            </available_space>
         </usage_details>
      </memory_area>
   </placement_map>
   <cptbl_list>
      <cptbl>
         <name>__TI_cinit_table</name>
         <cprec>
            <name>.data</name>
            <load_address>0x2fd8</load_address>
            <load_size>0x12</load_size>
            <run_address>0x20000470</run_address>
            <run_size>0x14</run_size>
            <compression>lzss</compression>
         </cprec>
         <cprec>
            <name>.bss</name>
            <load_address>0x2ff8</load_address>
            <load_size>0x8</load_size>
            <run_address>0x20000484</run_address>
            <run_size>0xc</run_size>
            <compression>zero_init</compression>
         </cprec>
         <cprec>
            <name>.vtable</name>
            <load_address>0x3000</load_address>
            <load_size>0x8</load_size>
            <run_address>0x20000000</run_address>
            <run_size>0x26c</run_size>
            <compression>zero_init</compression>
         </cprec>
      </cptbl>
   </cptbl_list>
   <handler_table>
      <handler_table_name>__TI_handler_table</handler_table_name>
      <handler>
         <index>0x0</index>
         <name>__TI_zero_init</name>
      </handler>
      <handler>
         <index>0x1</index>
         <name>__TI_decompress_lzss</name>
      </handler>
      <handler>
         <index>0x2</index>
         <name>__TI_decompress_none</name>
      </handler>
   </handler_table>
   <symbol_table>
      <symbol id="sm-1">
         <name>__STACK_TOP</name>
         <value>0x20000470</value>
      </symbol>
      <symbol id="sm-2">
         <name>__start___llvm_prf_cnts</name>
         <value>0x20000000</value>
      </symbol>
      <symbol id="sm-3">
         <name>__stop___llvm_prf_cnts</name>
         <value>0x20000000</value>
      </symbol>
      <symbol id="sm-4">
         <name>__TI_CINIT_Base</name>
         <value>0x3008</value>
      </symbol>
      <symbol id="sm-5">
         <name>__TI_CINIT_Limit</name>
         <value>0x3020</value>
      </symbol>
      <symbol id="sm-6">
         <name>__TI_Handler_Table_Base</name>
         <value>0x2fec</value>
      </symbol>
      <symbol id="sm-7">
         <name>__TI_Handler_Table_Limit</name>
         <value>0x2ff8</value>
      </symbol>
      <symbol id="sm-8">
         <name>binit</name>
         <value>0xffffffff</value>
      </symbol>
      <symbol id="sm-9">
         <name>__binit__</name>
         <value>0xffffffff</value>
      </symbol>
      <symbol id="sm-a">
         <name>__STACK_SIZE</name>
         <value>0x200</value>
      </symbol>
      <symbol id="sm-b">
         <name>__STACK_END</name>
         <value>0x20000470</value>
      </symbol>
      <symbol id="sm-c">
         <name>__c_args__</name>
         <value>0xffffffff</value>
      </symbol>
      <symbol id="sm-d">
         <name>__TI_pprof_out_hndl</name>
         <value>0xffffffff</value>
      </symbol>
      <symbol id="sm-e">
         <name>__TI_prof_data_start</name>
         <value>0xffffffff</value>
      </symbol>
      <symbol id="sm-f">
         <name>__TI_prof_data_size</name>
         <value>0xffffffff</value>
      </symbol>
      <symbol id="sm-63">
         <name>ADC_ReadRaw</name>
         <value>0x156d</value>
         <object_component_ref idref="oc-f8"/>
      </symbol>
      <symbol id="sm-64">
         <name>ADC_Init</name>
         <value>0x1519</value>
         <object_component_ref idref="oc-f8"/>
      </symbol>
      <symbol id="sm-65">
         <name>LCD_ADC_Goster</name>
         <value>0x15df</value>
         <object_component_ref idref="oc-f8"/>
      </symbol>
      <symbol id="sm-66">
         <name>ADC_ReadVoltage</name>
         <value>0x15a7</value>
         <object_component_ref idref="oc-f8"/>
      </symbol>
      <symbol id="sm-67">
         <name>adc_voltage</name>
         <value>0x20000474</value>
         <object_component_ref idref="oc-1d1"/>
      </symbol>
      <symbol id="sm-68">
         <name>adc_raw</name>
         <value>0x20000470</value>
         <object_component_ref idref="oc-1d1"/>
      </symbol>
      <symbol id="sm-8f">
         <name>writeData</name>
         <value>0x115b</value>
         <object_component_ref idref="oc-ec"/>
      </symbol>
      <symbol id="sm-90">
         <name>LCD_setcursorPosition</name>
         <value>0x105d</value>
         <object_component_ref idref="oc-ec"/>
      </symbol>
      <symbol id="sm-91">
         <name>writeCommand</name>
         <value>0x103d</value>
         <object_component_ref idref="oc-ec"/>
      </symbol>
      <symbol id="sm-92">
         <name>LCD_init</name>
         <value>0xf2d</value>
         <object_component_ref idref="oc-ec"/>
      </symbol>
      <symbol id="sm-93">
         <name>LCD_clear</name>
         <value>0x10cd</value>
         <object_component_ref idref="oc-ec"/>
      </symbol>
      <symbol id="sm-94">
         <name>LCD_print</name>
         <value>0x10ff</value>
         <object_component_ref idref="oc-ec"/>
      </symbol>
      <symbol id="sm-95">
         <name>data</name>
         <value>0x1125</value>
         <object_component_ref idref="oc-ec"/>
      </symbol>
      <symbol id="sm-a8">
         <name>main</name>
         <value>0x21eb</value>
         <object_component_ref idref="oc-9b"/>
      </symbol>
      <symbol id="sm-a9">
         <name>Tiva_init</name>
         <value>0x21b5</value>
         <object_component_ref idref="oc-9b"/>
      </symbol>
      <symbol id="sm-d8">
         <name>Timer0_ISR</name>
         <value>0x1801</value>
         <object_component_ref idref="oc-f2"/>
      </symbol>
      <symbol id="sm-d9">
         <name>Timer_SetTime</name>
         <value>0x18d7</value>
         <object_component_ref idref="oc-f2"/>
      </symbol>
      <symbol id="sm-da">
         <name>Timer0_Init</name>
         <value>0x1855</value>
         <object_component_ref idref="oc-f2"/>
      </symbol>
      <symbol id="sm-db">
         <name>saat</name>
         <value>0x20000480</value>
         <object_component_ref idref="oc-19a"/>
      </symbol>
      <symbol id="sm-dc">
         <name>dakika</name>
         <value>0x20000481</value>
         <object_component_ref idref="oc-19a"/>
      </symbol>
      <symbol id="sm-dd">
         <name>saniye</name>
         <value>0x20000482</value>
         <object_component_ref idref="oc-19a"/>
      </symbol>
      <symbol id="sm-de">
         <name>LCD_SaatGoster</name>
         <value>0x18a3</value>
         <object_component_ref idref="oc-f2"/>
      </symbol>
      <symbol id="sm-ff">
         <name>ResetISR</name>
         <value>0x2d6b</value>
         <object_component_ref idref="oc-27"/>
      </symbol>
      <symbol id="sm-100">
         <name>g_pfnVectors</name>
         <value>0x0</value>
         <object_component_ref idref="oc-12"/>
      </symbol>
      <symbol id="sm-127">
         <name>sprintf</name>
         <value>0x29fd</value>
         <object_component_ref idref="oc-194"/>
      </symbol>
      <symbol id="sm-142">
         <name>memcpy</name>
         <value>0x2259</value>
         <object_component_ref idref="oc-3b"/>
      </symbol>
      <symbol id="sm-143">
         <name>__aeabi_memcpy</name>
         <value>0x2259</value>
         <object_component_ref idref="oc-3b"/>
      </symbol>
      <symbol id="sm-144">
         <name>__aeabi_memcpy8</name>
         <value>0x2259</value>
         <object_component_ref idref="oc-3b"/>
      </symbol>
      <symbol id="sm-145">
         <name>__aeabi_memcpy4</name>
         <value>0x2259</value>
         <object_component_ref idref="oc-3b"/>
      </symbol>
      <symbol id="sm-15e">
         <name>__TI_zero_init_nomemset</name>
         <value>0x2bf7</value>
         <object_component_ref idref="oc-47"/>
      </symbol>
      <symbol id="sm-175">
         <name>__TI_decompress_none</name>
         <value>0x2d51</value>
         <object_component_ref idref="oc-1b"/>
      </symbol>
      <symbol id="sm-198">
         <name>__TI_decompress_lzss</name>
         <value>0x2661</value>
         <object_component_ref idref="oc-15"/>
      </symbol>
      <symbol id="sm-1ab">
         <name>__stack</name>
         <value>0x20000270</value>
         <object_component_ref idref="oc-24"/>
      </symbol>
      <symbol id="sm-1ac">
         <name>_c_int00_noargs</name>
         <value>0x2b1d</value>
         <object_component_ref idref="oc-59"/>
      </symbol>
      <symbol id="sm-311">
         <name>__TI_printfi</name>
         <value>0x26d</value>
         <object_component_ref idref="oc-235"/>
      </symbol>
      <symbol id="sm-328">
         <name>__aeabi_dsub</name>
         <value>0x1361</value>
         <object_component_ref idref="oc-32a"/>
      </symbol>
      <symbol id="sm-329">
         <name>__aeabi_dadd</name>
         <value>0x136b</value>
         <object_component_ref idref="oc-32a"/>
      </symbol>
      <symbol id="sm-34b">
         <name>__aeabi_cdcmpeq</name>
         <value>0x238b</value>
         <object_component_ref idref="oc-2a5"/>
      </symbol>
      <symbol id="sm-34c">
         <name>__aeabi_cdcmple</name>
         <value>0x238b</value>
         <object_component_ref idref="oc-2a5"/>
      </symbol>
      <symbol id="sm-34d">
         <name>__aeabi_cdrcmple</name>
         <value>0x2411</value>
         <object_component_ref idref="oc-315"/>
      </symbol>
      <symbol id="sm-361">
         <name>__aeabi_ddiv</name>
         <value>0x1a8d</value>
         <object_component_ref idref="oc-310"/>
      </symbol>
      <symbol id="sm-36c">
         <name>__aeabi_dmul</name>
         <value>0x1f11</value>
         <object_component_ref idref="oc-30b"/>
      </symbol>
      <symbol id="sm-376">
         <name>__aeabi_d2iz</name>
         <value>0x2971</value>
         <object_component_ref idref="oc-31a"/>
      </symbol>
      <symbol id="sm-380">
         <name>__aeabi_i2d</name>
         <value>0x2b7f</value>
         <object_component_ref idref="oc-325"/>
      </symbol>
      <symbol id="sm-38f">
         <name>__aeabi_memset</name>
         <value>0x2513</value>
         <object_component_ref idref="oc-8f"/>
      </symbol>
      <symbol id="sm-390">
         <name>memset</name>
         <value>0x2519</value>
         <object_component_ref idref="oc-8f"/>
      </symbol>
      <symbol id="sm-391">
         <name>__aeabi_memset8</name>
         <value>0x2513</value>
         <object_component_ref idref="oc-8f"/>
      </symbol>
      <symbol id="sm-392">
         <name>__aeabi_memset4</name>
         <value>0x2513</value>
         <object_component_ref idref="oc-8f"/>
      </symbol>
      <symbol id="sm-393">
         <name>__aeabi_memclr8</name>
         <value>0x2511</value>
         <object_component_ref idref="oc-8f"/>
      </symbol>
      <symbol id="sm-394">
         <name>__aeabi_memclr4</name>
         <value>0x2511</value>
         <object_component_ref idref="oc-8f"/>
      </symbol>
      <symbol id="sm-395">
         <name>__aeabi_memclr</name>
         <value>0x2511</value>
         <object_component_ref idref="oc-8f"/>
      </symbol>
      <symbol id="sm-3a2">
         <name>__aeabi_uldivmod</name>
         <value>0x22f5</value>
         <object_component_ref idref="oc-304"/>
      </symbol>
      <symbol id="sm-3ca">
         <name>__TI_auto_init_nobinit_nopinit</name>
         <value>0x29b9</value>
         <object_component_ref idref="oc-112"/>
      </symbol>
      <symbol id="sm-3d4">
         <name>_system_pre_init</name>
         <value>0x2dad</value>
         <object_component_ref idref="oc-95"/>
      </symbol>
      <symbol id="sm-3e0">
         <name>C$$EXIT</name>
         <value>0x2db1</value>
         <object_component_ref idref="oc-106"/>
      </symbol>
      <symbol id="sm-3e1">
         <name>abort</name>
         <value>0x2db1</value>
         <object_component_ref idref="oc-106"/>
      </symbol>
      <symbol id="sm-3f1">
         <name>__TI_ltoa</name>
         <value>0x27e3</value>
         <object_component_ref idref="oc-31f"/>
      </symbol>
      <symbol id="sm-408">
         <name>atoi</name>
         <value>0x2925</value>
         <object_component_ref idref="oc-299"/>
      </symbol>
      <symbol id="sm-413">
         <name>_ctypes_</name>
         <value>0x2db4</value>
         <object_component_ref idref="oc-2ff"/>
      </symbol>
      <symbol id="sm-423">
         <name>memccpy</name>
         <value>0x2c13</value>
         <object_component_ref idref="oc-2c2"/>
      </symbol>
      <symbol id="sm-433">
         <name>strchr</name>
         <value>0x2cd7</value>
         <object_component_ref idref="oc-356"/>
      </symbol>
      <symbol id="sm-441">
         <name>strlen</name>
         <value>0x2ced</value>
         <object_component_ref idref="oc-293"/>
      </symbol>
      <symbol id="sm-457">
         <name>__aeabi_errno_addr</name>
         <value>0x2d95</value>
         <object_component_ref idref="oc-2ce"/>
      </symbol>
      <symbol id="sm-458">
         <name>errno</name>
         <value>0x2000047c</value>
         <object_component_ref idref="oc-366"/>
      </symbol>
      <symbol id="sm-471">
         <name>wcslen</name>
         <value>0x2d13</value>
         <object_component_ref idref="oc-2c8"/>
      </symbol>
      <symbol id="sm-491">
         <name>frexpl</name>
         <value>0x26c9</value>
         <object_component_ref idref="oc-34a"/>
      </symbol>
      <symbol id="sm-492">
         <name>frexp</name>
         <value>0x26c9</value>
         <object_component_ref idref="oc-34a"/>
      </symbol>
      <symbol id="sm-4af">
         <name>scalbn</name>
         <value>0x1e01</value>
         <object_component_ref idref="oc-350"/>
      </symbol>
      <symbol id="sm-4b0">
         <name>scalbnl</name>
         <value>0x1e01</value>
         <object_component_ref idref="oc-350"/>
      </symbol>
      <symbol id="sm-4b1">
         <name>ldexpl</name>
         <value>0x1e01</value>
         <object_component_ref idref="oc-350"/>
      </symbol>
      <symbol id="sm-4b2">
         <name>ldexp</name>
         <value>0x1e01</value>
         <object_component_ref idref="oc-350"/>
      </symbol>
      <symbol id="sm-4bc">
         <name>__aeabi_idiv0</name>
         <value>0xcbb</value>
         <object_component_ref idref="oc-383"/>
      </symbol>
      <symbol id="sm-4bd">
         <name>__aeabi_ldiv0</name>
         <value>0xcbb</value>
         <object_component_ref idref="oc-383"/>
      </symbol>
      <symbol id="sm-4c7">
         <name>copysign</name>
         <value>0x2c49</value>
         <object_component_ref idref="oc-39c"/>
      </symbol>
      <symbol id="sm-4c8">
         <name>copysignl</name>
         <value>0x2c49</value>
         <object_component_ref idref="oc-39c"/>
      </symbol>
      <symbol id="sm-521">
         <name>ADCProcessorTrigger</name>
         <value>0x2c63</value>
         <object_component_ref idref="oc-1bf"/>
      </symbol>
      <symbol id="sm-522">
         <name>ADCSequenceEnable</name>
         <value>0x2d35</value>
         <object_component_ref idref="oc-1b3"/>
      </symbol>
      <symbol id="sm-523">
         <name>ADCSequenceConfigure</name>
         <value>0x2889</value>
         <object_component_ref idref="oc-1a7"/>
      </symbol>
      <symbol id="sm-524">
         <name>ADCSequenceStepConfigure</name>
         <value>0x2497</value>
         <object_component_ref idref="oc-1ad"/>
      </symbol>
      <symbol id="sm-525">
         <name>ADCIntClear</name>
         <value>0x2d77</value>
         <object_component_ref idref="oc-1b9"/>
      </symbol>
      <symbol id="sm-526">
         <name>ADCIntStatus</name>
         <value>0x2b51</value>
         <object_component_ref idref="oc-1c5"/>
      </symbol>
      <symbol id="sm-527">
         <name>ADCSequenceDataGet</name>
         <value>0x2bd9</value>
         <object_component_ref idref="oc-1cb"/>
      </symbol>
      <symbol id="sm-565">
         <name>GPIOPinTypeADC</name>
         <value>0x2cab</value>
         <object_component_ref idref="oc-1a1"/>
      </symbol>
      <symbol id="sm-566">
         <name>GPIOPinTypeGPIOInput</name>
         <value>0x2cc1</value>
         <object_component_ref idref="oc-e0"/>
      </symbol>
      <symbol id="sm-567">
         <name>GPIOPinTypeGPIOOutput</name>
         <value>0x2c2f</value>
         <object_component_ref idref="oc-da"/>
      </symbol>
      <symbol id="sm-568">
         <name>GPIODirModeSet</name>
         <value>0x2bad</value>
         <object_component_ref idref="oc-14f"/>
      </symbol>
      <symbol id="sm-569">
         <name>GPIOPinWrite</name>
         <value>0x2d9d</value>
         <object_component_ref idref="oc-159"/>
      </symbol>
      <symbol id="sm-56a">
         <name>GPIOPadConfigSet</name>
         <value>0x1695</value>
         <object_component_ref idref="oc-e6"/>
      </symbol>
      <symbol id="sm-5a4">
         <name>IntEnable</name>
         <value>0x25f9</value>
         <object_component_ref idref="oc-182"/>
      </symbol>
      <symbol id="sm-5a5">
         <name>IntRegister</name>
         <value>0x2ab5</value>
         <object_component_ref idref="oc-220"/>
      </symbol>
      <symbol id="sm-5a6">
         <name>g_pfnRAMVectors</name>
         <value>0x20000000</value>
         <object_component_ref idref="oc-28a"/>
      </symbol>
      <symbol id="sm-5a7">
         <name>IntMasterEnable</name>
         <value>0x2d25</value>
         <object_component_ref idref="oc-188"/>
      </symbol>
      <symbol id="sm-605">
         <name>SysCtlClockSet</name>
         <value>0x200d</value>
         <object_component_ref idref="oc-c8"/>
      </symbol>
      <symbol id="sm-606">
         <name>SysCtlDelay</name>
         <value>0x2da3</value>
         <object_component_ref idref="oc-104"/>
      </symbol>
      <symbol id="sm-607">
         <name>SysCtlPeripheralEnable</name>
         <value>0x2ae9</value>
         <object_component_ref idref="oc-ce"/>
      </symbol>
      <symbol id="sm-608">
         <name>SysCtlClockGet</name>
         <value>0x1ce9</value>
         <object_component_ref idref="oc-fe"/>
      </symbol>
      <symbol id="sm-609">
         <name>SysCtlPeripheralReady</name>
         <value>0x2a7d</value>
         <object_component_ref idref="oc-d4"/>
      </symbol>
      <symbol id="sm-664">
         <name>TimerLoadSet</name>
         <value>0x2d01</value>
         <object_component_ref idref="oc-170"/>
      </symbol>
      <symbol id="sm-665">
         <name>TimerIntRegister</name>
         <value>0x2c7b</value>
         <object_component_ref idref="oc-176"/>
      </symbol>
      <symbol id="sm-666">
         <name>TimerEnable</name>
         <value>0x2d43</value>
         <object_component_ref idref="oc-18e"/>
      </symbol>
      <symbol id="sm-667">
         <name>TimerIntEnable</name>
         <value>0x2d8b</value>
         <object_component_ref idref="oc-17c"/>
      </symbol>
      <symbol id="sm-668">
         <name>TimerConfigure</name>
         <value>0x272d</value>
         <object_component_ref idref="oc-16a"/>
      </symbol>
      <symbol id="sm-669">
         <name>TimerIntClear</name>
         <value>0x2da9</value>
         <object_component_ref idref="oc-164"/>
      </symbol>
      <symbol id="sm-673">
         <name>CPUcpsie</name>
         <value>0x2d5f</value>
         <object_component_ref idref="oc-22d"/>
      </symbol>
      <symbol id="sm-674">
         <name>__TI_static_base__</name>
         <value>0x0</value>
      </symbol>
      <symbol id="sm-677">
         <name>__mpu_init</name>
         <value>0x0</value>
      </symbol>
      <symbol id="sm-678">
         <name>_system_post_cinit</name>
         <value>0x0</value>
      </symbol>
   </symbol_table>
   <title>Link successful</title>
</link_info>
